src/components/terminal/VisionEngine.tsx(1,1): error TS1490: File appears to be binary.
